# dune build
# OCAMLPARAM: unset
# Shared cache: enabled-except-user-rules
# Shared cache location: /home/mosnyan/.cache/dune/db
# Workspace root: /data/prog/ocaml/ift-3000/ex1
# Auto-detected concurrency: 16
# Dune context:
#  { name = "default"
#  ; kind = "default"
#  ; profile = Dev
#  ; merlin = true
#  ; fdo_target_exe = None
#  ; build_dir = In_build_dir "default"
#  ; instrument_with = []
#  }
$ /home/mosnyan/.opam/5.3.0/bin/ocamlc.opt -config > /tmp/dune_e0f773_output
$ (cd _build/default && /home/mosnyan/.opam/5.3.0/bin/ocamlopt.opt -w @1..3@5..28@31..39@43@46..47@49..57@61..62@67@69-40 -strict-sequence -strict-formats -short-paths -keep-locs -g -I bin/.main.eobjs/byte -I bin/.main.eobjs/native -I lib/.ex1.objs/byte -I lib/.ex1.objs/native -intf-suffix .ml -no-alias-deps -opaque -o bin/.main.eobjs/native/dune__exe__Main.cmx -c -impl bin/main.ml)
> File "bin/main.ml", line 4, characters 8-11:
> 4 | let rec ex1 list1 list2 =
>             ^^^
> Error (warning 32 [unused-value-declaration]): unused value ex1.
>
> File "bin/main.ml", line 16, characters 8-15:
> 16 | let rec addPair list =
>              ^^^^^^^
> Error (warning 32 [unused-value-declaration]): unused value addPair.
>
> File "bin/main.ml", line 29, characters 8-16:
> 29 | let rec joinPair list =
>              ^^^^^^^^
> Error (warning 32 [unused-value-declaration]): unused value joinPair.
>
> File "bin/main.ml", line 42, characters 8-17:
> 42 | let rec checkSize list = 
>              ^^^^^^^^^
> Error (warning 32 [unused-value-declaration]): unused value checkSize.
>
> File "bin/main.ml", line 53, characters 4-14:
> 53 | let addPairMap list =
>          ^^^^^^^^^^
> Error (warning 32 [unused-value-declaration]): unused value addPairMap.
>
> File "bin/main.ml", line 56, characters 4-15:
> 56 | let joinPairMap list =
>          ^^^^^^^^^^^
> Error (warning 32 [unused-value-declaration]): unused value joinPairMap.
>
> File "bin/main.ml", line 59, characters 4-16:
> 59 | let checkSizeMap list =
>          ^^^^^^^^^^^^
> Error (warning 32 [unused-value-declaration]): unused value checkSizeMap.
>
> File "bin/main.ml", line 70, characters 8-13:
> 70 | let rec somme arbre =
>              ^^^^^
> Error (warning 32 [unused-value-declaration]): unused value somme.
>
> File "bin/main.ml", line 83, characters 8-16:
> 83 | let rec mapArbre f a =
>              ^^^^^^^^
> Error (warning 32 [unused-value-declaration]): unused value mapArbre.
[2]
